// Jest Snapshot v1, https://goo.gl/fbAQLP

exports[`Button should match the snapshot 1`] = `"<View style=\\"0:[object Object];1:;2:[object Object]\\" focusable=\\"true\\"><Text style=\\"0:[object Object];1:[object Object]\\">Test title</Text></View>"`;
